// Jest Snapshot v1, https://goo.gl/fbAQLP

exports[`Testing World List App Should render successfully 1`] = `
<div>
  <div
    class="container"
  >
    <header
      class="header"
    >
      <a
        href="/"
      >
        World rankingðŸŒŽ
      </a>
    </header>
    <main>
      <div>
        <div
          class="heading"
        >
          <div
            class="heading_flag"
          />
          <button
            class="heading_name"
          >
            <div>
              Name
            </div>
          </button>
          <button
            class="heading_population"
          >
            <div>
              Population
            </div>
          </button>
          <button
            class="heading_area"
          >
            <div>
              Area (km
              <sup
                style="font-size: 0.5rem;"
              >
                2
              </sup>
              )
            </div>
          </button>
          <button
            class="heading_region"
          >
            <div>
              Region
            </div>
          </button>
        </div>
        <a
          data-testid="country-item"
          href="/country/ASM"
        >
          <div
            class="row"
          >
            <div
              class="flag"
            >
              ðŸ‡¦ðŸ‡¸
            </div>
            <div
              class="name"
            >
              American Samoa
            </div>
            <div
              class="population"
            >
              55197
            </div>
            <div
              class="area"
            >
              199
            </div>
            <div
              class="region"
            >
              Oceania
            </div>
          </div>
        </a>
        <a
          data-testid="country-item"
          href="/country/PER"
        >
          <div
            class="row"
          >
            <div
              class="flag"
            >
              ðŸ‡µðŸ‡ª
            </div>
            <div
              class="name"
            >
              Peru
            </div>
            <div
              class="population"
            >
              32971846
            </div>
            <div
              class="area"
            >
              1285216
            </div>
            <div
              class="region"
            >
              Americas
            </div>
          </div>
        </a>
        <a
          data-testid="country-item"
          href="/country/TON"
        >
          <div
            class="row"
          >
            <div
              class="flag"
            >
              ðŸ‡¹ðŸ‡´
            </div>
            <div
              class="name"
            >
              Tonga
            </div>
            <div
              class="population"
            >
              105697
            </div>
            <div
              class="area"
            >
              747
            </div>
            <div
              class="region"
            >
              Oceania
            </div>
          </div>
        </a>
        <a
          data-testid="country-item"
          href="/country/MYT"
        >
          <div
            class="row"
          >
            <div
              class="flag"
            >
              ðŸ‡¾ðŸ‡¹
            </div>
            <div
              class="name"
            >
              Mayotte
            </div>
            <div
              class="population"
            >
              226915
            </div>
            <div
              class="area"
            >
              374
            </div>
            <div
              class="region"
            >
              Africa
            </div>
          </div>
        </a>
        <a
          data-testid="country-item"
          href="/country/PAN"
        >
          <div
            class="row"
          >
            <div
              class="flag"
            >
              ðŸ‡µðŸ‡¦
            </div>
            <div
              class="name"
            >
              Panama
            </div>
            <div
              class="population"
            >
              4314768
            </div>
            <div
              class="area"
            >
              75417
            </div>
            <div
              class="region"
            >
              Americas
            </div>
          </div>
        </a>
        <a
          data-testid="country-item"
          href="/country/MDG"
        >
          <div
            class="row"
          >
            <div
              class="flag"
            >
              ðŸ‡²ðŸ‡¬
            </div>
            <div
              class="name"
            >
              Madagascar
            </div>
            <div
              class="population"
            >
              27691019
            </div>
            <div
              class="area"
            >
              587041
            </div>
            <div
              class="region"
            >
              Africa
            </div>
          </div>
        </a>
        <a
          data-testid="country-item"
          href="/country/BEL"
        >
          <div
            class="row"
          >
            <div
              class="flag"
            >
              ðŸ‡§ðŸ‡ª
            </div>
            <div
              class="name"
            >
              Belgium
            </div>
            <div
              class="population"
            >
              11555997
            </div>
            <div
              class="area"
            >
              30528
            </div>
            <div
              class="region"
            >
              Europe
            </div>
          </div>
        </a>
        <a
          data-testid="country-item"
          href="/country/CAF"
        >
          <div
            class="row"
          >
            <div
              class="flag"
            >
              ðŸ‡¨ðŸ‡«
            </div>
            <div
              class="name"
            >
              Central African Republic
            </div>
            <div
              class="population"
            >
              4829764
            </div>
            <div
              class="area"
            >
              622984
            </div>
            <div
              class="region"
            >
              Africa
            </div>
          </div>
        </a>
        <a
          data-testid="country-item"
          href="/country/HUN"
        >
          <div
            class="row"
          >
            <div
              class="flag"
            >
              ðŸ‡­ðŸ‡º
            </div>
            <div
              class="name"
            >
              Hungary
            </div>
            <div
              class="population"
            >
              9749763
            </div>
            <div
              class="area"
            >
              93028
            </div>
            <div
              class="region"
            >
              Europe
            </div>
          </div>
        </a>
      </div>
    </main>
  </div>
</div>
`;
